// Vitest Snapshot v1, https://vitest.dev/guide/snapshot.html

exports[`IFC importer integration > parses strawbaler export sample 1`] = `
{
  "storeys": [
    {
      "elevation": 200,
      "height": 2890,
      "name": "EG",
      "perimeterCandidates": [
        {
          "boundary": {
            "holes": [],
            "outer": [
              [
                0,
                -5381.9453,
              ],
              [
                0,
                -12.3638,
              ],
              [
                430.0899,
                -1.9375,
              ],
              [
                3635,
                -1.9375,
              ],
              [
                8180,
                -1.9375,
              ],
              [
                8180,
                -5381.9453,
              ],
            ],
          },
          "source": "walls",
        },
      ],
      "placement": [
        1,
        0,
        0,
        0,
        0,
        1,
        0,
        0,
        0,
        0,
        1,
        0,
        0,
        0,
        200,
        1,
      ],
      "slabs": [
        {
          "name": "Floor",
          "placement": [
            1,
            0,
            0,
            0,
            0,
            1,
            0,
            0,
            0,
            0,
            1,
            0,
            0,
            0,
            200,
            1,
          ],
          "profile": {
            "extrusionDepth": 200,
            "extrusionDirection": [
              0,
              0,
              -1,
            ],
            "footprint": {
              "holes": [],
              "outer": [
                [
                  -400,
                  -5781.9468,
                ],
                [
                  8599.999,
                  -5781.9468,
                ],
                [
                  8599.999,
                  418.0625,
                ],
                [
                  3634.9993,
                  418.0625,
                ],
                [
                  425,
                  418.0625,
                ],
                [
                  -400,
                  398.0625,
                ],
              ],
            },
            "localOutline": [
              [
                -400,
                -5781.9468,
              ],
              [
                8599.999,
                -5781.9468,
              ],
              [
                8599.999,
                418.0625,
              ],
              [
                3634.9993,
                418.0625,
              ],
              [
                425,
                418.0625,
              ],
              [
                -400,
                398.0625,
              ],
            ],
            "localToWorld": [
              1,
              0,
              0,
              0,
              0,
              1,
              0,
              0,
              0,
              0,
              1,
              0,
              0,
              0,
              200,
              1,
            ],
          },
          "thickness": 200,
        },
      ],
      "walls": [
        {
          "height": 2710,
          "name": "outwall_mh9mpj91i06hc06avce",
          "openings": [],
          "placement": [
            1,
            0,
            0,
            0,
            0,
            1,
            0,
            0,
            0,
            0,
            1,
            0,
            0,
            -1.9375,
            200,
            1,
          ],
          "profile": {
            "extrusionDepth": 2710,
            "extrusionDirection": [
              0,
              0,
              1,
            ],
            "footprint": {
              "holes": [],
              "outer": [
                [
                  0,
                  -1.9375,
                ],
                [
                  425,
                  -1.9375,
                ],
                [
                  425,
                  418.0625,
                ],
                [
                  -400,
                  398.0625,
                ],
              ],
            },
            "localOutline": [
              [
                0,
                0,
              ],
              [
                425,
                0,
              ],
              [
                425,
                420,
              ],
              [
                -400,
                400,
              ],
            ],
            "localToWorld": [
              1,
              0,
              0,
              0,
              0,
              1,
              0,
              0,
              0,
              0,
              1,
              0,
              0,
              -1.9375,
              200,
              1,
            ],
          },
          "thickness": 420,
        },
        {
          "height": 2710,
          "name": "outwall_mh9mpj91eycf2w6mg6n",
          "openings": [
            {
              "placement": [
                1,
                0,
                0,
                0,
                0,
                1,
                0,
                0,
                0,
                0,
                1,
                0,
                545,
                -1.9375,
                200,
                1,
              ],
              "profile": {
                "extrusionDepth": 2230,
                "extrusionDirection": [
                  0,
                  0,
                  1,
                ],
                "footprint": {
                  "holes": [],
                  "outer": [
                    [
                      545,
                      -1.9375,
                    ],
                    [
                      3145,
                      -1.9375,
                    ],
                    [
                      3145,
                      418.0625,
                    ],
                    [
                      545,
                      418.0625,
                    ],
                  ],
                },
                "localOutline": [
                  [
                    0,
                    0,
                  ],
                  [
                    2600,
                    0,
                  ],
                  [
                    2600,
                    420,
                  ],
                  [
                    0,
                    420,
                  ],
                ],
                "localToWorld": [
                  1,
                  0,
                  0,
                  0,
                  0,
                  1,
                  0,
                  0,
                  0,
                  0,
                  1,
                  0,
                  545,
                  -1.9375,
                  200,
                  1,
                ],
              },
              "type": "void",
            },
          ],
          "placement": [
            1,
            0,
            0,
            0,
            0,
            1,
            0,
            0,
            0,
            0,
            1,
            0,
            425,
            -1.9375,
            200,
            1,
          ],
          "profile": {
            "extrusionDepth": 2710,
            "extrusionDirection": [
              0,
              0,
              1,
            ],
            "footprint": {
              "holes": [],
              "outer": [
                [
                  425,
                  -1.9375,
                ],
                [
                  3634.9993,
                  -1.9375,
                ],
                [
                  3634.9993,
                  418.0625,
                ],
                [
                  425,
                  418.0625,
                ],
              ],
            },
            "localOutline": [
              [
                0,
                0,
              ],
              [
                3209.9993,
                0,
              ],
              [
                3209.9993,
                420,
              ],
              [
                0,
                420,
              ],
            ],
            "localToWorld": [
              1,
              0,
              0,
              0,
              0,
              1,
              0,
              0,
              0,
              0,
              1,
              0,
              425,
              -1.9375,
              200,
              1,
            ],
          },
          "thickness": 420,
        },
        {
          "height": 2710,
          "name": "outwall_mh9mpj91iq4p39yd757",
          "openings": [],
          "placement": [
            1,
            0,
            0,
            0,
            0,
            1,
            0,
            0,
            0,
            0,
            1,
            0,
            3634.999267578125,
            -1.9375,
            200,
            1,
          ],
          "profile": {
            "extrusionDepth": 2710,
            "extrusionDirection": [
              0,
              0,
              1,
            ],
            "footprint": {
              "holes": [],
              "outer": [
                [
                  3634.9993,
                  -1.9375,
                ],
                [
                  8179.999,
                  -1.9375,
                ],
                [
                  8599.999,
                  418.0625,
                ],
                [
                  3634.9993,
                  418.0625,
                ],
              ],
            },
            "localOutline": [
              [
                0,
                0,
              ],
              [
                4545,
                0,
              ],
              [
                4965,
                420,
              ],
              [
                0,
                420,
              ],
            ],
            "localToWorld": [
              1,
              0,
              0,
              0,
              0,
              1,
              0,
              0,
              0,
              0,
              1,
              0,
              3634.999267578125,
              -1.9375,
              200,
              1,
            ],
          },
          "thickness": 420,
        },
        {
          "height": 2710,
          "name": "outwall_mh9mpj91xapdaquajq8",
          "openings": [
            {
              "placement": [
                0,
                -1,
                0,
                0,
                1,
                0,
                0,
                0,
                0,
                0,
                1,
                0,
                8179.9990234375,
                -2851.94677734375,
                200,
                1,
              ],
              "profile": {
                "extrusionDepth": 2230,
                "extrusionDirection": [
                  0,
                  0,
                  1,
                ],
                "footprint": {
                  "holes": [],
                  "outer": [
                    [
                      8179.999,
                      -2851.9468,
                    ],
                    [
                      8179.999,
                      -4681.9468,
                    ],
                    [
                      8599.999,
                      -4681.9468,
                    ],
                    [
                      8599.999,
                      -2851.9468,
                    ],
                  ],
                },
                "localOutline": [
                  [
                    0,
                    0,
                  ],
                  [
                    1830,
                    0,
                  ],
                  [
                    1830,
                    420,
                  ],
                  [
                    0,
                    420,
                  ],
                ],
                "localToWorld": [
                  0,
                  -1,
                  0,
                  0,
                  1,
                  0,
                  0,
                  0,
                  0,
                  0,
                  1,
                  0,
                  8179.9990234375,
                  -2851.94677734375,
                  200,
                  1,
                ],
              },
              "type": "void",
            },
            {
              "placement": [
                0,
                -1,
                0,
                0,
                1,
                0,
                0,
                0,
                0,
                0,
                1,
                0,
                8179.9990234375,
                -1291.9375,
                200,
                1,
              ],
              "profile": {
                "extrusionDepth": 2230,
                "extrusionDirection": [
                  0,
                  0,
                  1,
                ],
                "footprint": {
                  "holes": [],
                  "outer": [
                    [
                      8179.999,
                      -1291.9375,
                    ],
                    [
                      8179.999,
                      -2121.9375,
                    ],
                    [
                      8599.999,
                      -2121.9375,
                    ],
                    [
                      8599.999,
                      -1291.9375,
                    ],
                  ],
                },
                "localOutline": [
                  [
                    0,
                    0,
                  ],
                  [
                    830,
                    0,
                  ],
                  [
                    830,
                    420,
                  ],
                  [
                    0,
                    420,
                  ],
                ],
                "localToWorld": [
                  0,
                  -1,
                  0,
                  0,
                  1,
                  0,
                  0,
                  0,
                  0,
                  0,
                  1,
                  0,
                  8179.9990234375,
                  -1291.9375,
                  200,
                  1,
                ],
              },
              "type": "void",
            },
          ],
          "placement": [
            0,
            -1,
            0,
            0,
            1,
            0,
            0,
            0,
            0,
            0,
            1,
            0,
            8179.9990234375,
            -1.9375,
            200,
            1,
          ],
          "profile": {
            "extrusionDepth": 2710,
            "extrusionDirection": [
              0,
              0,
              1,
            ],
            "footprint": {
              "holes": [],
              "outer": [
                [
                  8179.999,
                  -1.9375,
                ],
                [
                  8179.999,
                  -5381.9468,
                ],
                [
                  8599.999,
                  -5781.9468,
                ],
                [
                  8599.999,
                  418.0625,
                ],
              ],
            },
            "localOutline": [
              [
                0,
                0,
              ],
              [
                5380.0093,
                0,
              ],
              [
                5780.0093,
                420,
              ],
              [
                -420,
                420,
              ],
            ],
            "localToWorld": [
              0,
              -1,
              0,
              0,
              1,
              0,
              0,
              0,
              0,
              0,
              1,
              0,
              8179.9990234375,
              -1.9375,
              200,
              1,
            ],
          },
          "thickness": 420,
        },
        {
          "height": 2710,
          "name": "outwall_mh9mpj91td1v7vomrvq",
          "openings": [],
          "placement": [
            -1,
            0,
            0,
            0,
            0,
            -1,
            0,
            0,
            0,
            0,
            1,
            0,
            8179.9990234375,
            -5381.94677734375,
            200,
            1,
          ],
          "profile": {
            "extrusionDepth": 2710,
            "extrusionDirection": [
              0,
              0,
              1,
            ],
            "footprint": {
              "holes": [],
              "outer": [
                [
                  8179.999,
                  -5381.9468,
                ],
                [
                  0,
                  -5381.9468,
                ],
                [
                  -400,
                  -5781.9468,
                ],
                [
                  8599.999,
                  -5781.9468,
                ],
              ],
            },
            "localOutline": [
              [
                0,
                0,
              ],
              [
                8179.999,
                -0,
              ],
              [
                8579.999,
                400,
              ],
              [
                -420,
                400,
              ],
            ],
            "localToWorld": [
              -1,
              0,
              0,
              0,
              0,
              -1,
              0,
              0,
              0,
              0,
              1,
              0,
              8179.9990234375,
              -5381.94677734375,
              200,
              1,
            ],
          },
          "thickness": 400,
        },
        {
          "height": 2710,
          "name": "outwall_mh9mpj91fgihfb03it",
          "openings": [],
          "placement": [
            0,
            1,
            0,
            0,
            -1,
            0,
            0,
            0,
            0,
            0,
            1,
            0,
            0,
            -5381.94677734375,
            200,
            1,
          ],
          "profile": {
            "extrusionDepth": 2710,
            "extrusionDirection": [
              0,
              0,
              1,
            ],
            "footprint": {
              "holes": [],
              "outer": [
                [
                  0,
                  -5381.9468,
                ],
                [
                  0,
                  -1.9375,
                ],
                [
                  -400,
                  398.0625,
                ],
                [
                  -400,
                  -5781.9468,
                ],
              ],
            },
            "localOutline": [
              [
                0,
                0,
              ],
              [
                5380.0093,
                0,
              ],
              [
                5780.0093,
                400,
              ],
              [
                -400,
                400,
              ],
            ],
            "localToWorld": [
              0,
              1,
              0,
              0,
              -1,
              0,
              0,
              0,
              0,
              0,
              1,
              0,
              0,
              -5381.94677734375,
              200,
              1,
            ],
          },
          "thickness": 400,
        },
      ],
    },
    {
      "elevation": 3090,
      "height": 2900,
      "name": "OG",
      "perimeterCandidates": [
        {
          "boundary": {
            "holes": [
              [
                [
                  3760,
                  -1000,
                ],
                [
                  3760,
                  0,
                ],
                [
                  8160,
                  0,
                ],
                [
                  8160,
                  -1000,
                ],
              ],
            ],
            "outer": [
              [
                0,
                -5360,
              ],
              [
                0.0005,
                0,
              ],
              [
                3615,
                0,
              ],
              [
                8159.9995,
                0,
              ],
              [
                8159.9995,
                -5360,
              ],
            ],
          },
          "source": "walls",
        },
      ],
      "placement": [
        1,
        0,
        0,
        0,
        0,
        1,
        0,
        0,
        0,
        0,
        1,
        0,
        0,
        0,
        3090,
        1,
      ],
      "slabs": [
        {
          "name": "Floor",
          "placement": [
            1,
            0,
            0,
            0,
            0,
            1,
            0,
            0,
            0,
            0,
            1,
            0,
            0,
            0,
            3090,
            1,
          ],
          "profile": {
            "extrusionDepth": 180,
            "extrusionDirection": [
              0,
              0,
              -1,
            ],
            "footprint": {
              "holes": [
                [
                  [
                    3760,
                    -1000,
                  ],
                  [
                    3760,
                    0,
                  ],
                  [
                    8160,
                    0,
                  ],
                  [
                    8160,
                    -1000,
                  ],
                ],
              ],
              "outer": [
                [
                  8580,
                  -5780,
                ],
                [
                  8580,
                  420,
                ],
                [
                  3615,
                  420,
                ],
                [
                  -420,
                  420,
                ],
                [
                  -420,
                  -5780,
                ],
              ],
            },
            "localOutline": [
              [
                8580,
                -5780,
              ],
              [
                8580,
                420,
              ],
              [
                3615,
                420,
              ],
              [
                -420,
                420,
              ],
              [
                -420,
                -5780,
              ],
            ],
            "localToWorld": [
              1,
              0,
              0,
              0,
              0,
              1,
              0,
              0,
              0,
              0,
              1,
              0,
              0,
              0,
              3090,
              1,
            ],
          },
          "thickness": 180,
        },
      ],
      "walls": [
        {
          "height": 2720,
          "name": "outwall_mh9mpk0gaemhtlbj9c9",
          "openings": [
            {
              "placement": [
                1,
                0,
                0,
                0,
                0,
                1,
                0,
                0,
                0,
                0,
                1,
                0,
                525,
                0,
                3090,
                1,
              ],
              "profile": {
                "extrusionDepth": 2230,
                "extrusionDirection": [
                  0,
                  0,
                  1,
                ],
                "footprint": {
                  "holes": [],
                  "outer": [
                    [
                      525,
                      0,
                    ],
                    [
                      2685,
                      0,
                    ],
                    [
                      2685,
                      420,
                    ],
                    [
                      525,
                      420,
                    ],
                  ],
                },
                "localOutline": [
                  [
                    0,
                    0,
                  ],
                  [
                    2160,
                    0,
                  ],
                  [
                    2160,
                    420,
                  ],
                  [
                    0,
                    420,
                  ],
                ],
                "localToWorld": [
                  1,
                  0,
                  0,
                  0,
                  0,
                  1,
                  0,
                  0,
                  0,
                  0,
                  1,
                  0,
                  525,
                  0,
                  3090,
                  1,
                ],
              },
              "type": "void",
            },
          ],
          "placement": [
            1,
            0,
            0,
            0,
            0,
            1,
            0,
            0,
            0,
            0,
            1,
            0,
            0,
            0,
            3090,
            1,
          ],
          "profile": {
            "extrusionDepth": 2720,
            "extrusionDirection": [
              0,
              0,
              1,
            ],
            "footprint": {
              "holes": [],
              "outer": [
                [
                  0,
                  0,
                ],
                [
                  3614.9995,
                  0,
                ],
                [
                  3614.9995,
                  420,
                ],
                [
                  -420,
                  420,
                ],
              ],
            },
            "localOutline": [
              [
                0,
                0,
              ],
              [
                3614.9995,
                0,
              ],
              [
                3614.9995,
                420,
              ],
              [
                -420,
                420,
              ],
            ],
            "localToWorld": [
              1,
              0,
              0,
              0,
              0,
              1,
              0,
              0,
              0,
              0,
              1,
              0,
              0,
              0,
              3090,
              1,
            ],
          },
          "thickness": 420,
        },
        {
          "height": 2720,
          "name": "outwall_mh9mpk0gygkr8r21hgm",
          "openings": [],
          "placement": [
            1,
            0,
            0,
            0,
            0,
            1,
            0,
            0,
            0,
            0,
            1,
            0,
            3614.99951171875,
            0,
            3090,
            1,
          ],
          "profile": {
            "extrusionDepth": 2720,
            "extrusionDirection": [
              0,
              0,
              1,
            ],
            "footprint": {
              "holes": [],
              "outer": [
                [
                  3614.9995,
                  0,
                ],
                [
                  8159.9995,
                  0,
                ],
                [
                  8580,
                  420,
                ],
                [
                  3614.9995,
                  420,
                ],
              ],
            },
            "localOutline": [
              [
                0,
                0,
              ],
              [
                4545,
                0,
              ],
              [
                4965.0005,
                420,
              ],
              [
                0,
                420,
              ],
            ],
            "localToWorld": [
              1,
              0,
              0,
              0,
              0,
              1,
              0,
              0,
              0,
              0,
              1,
              0,
              3614.99951171875,
              0,
              3090,
              1,
            ],
          },
          "thickness": 420,
        },
        {
          "height": 2720,
          "name": "outwall_mh9mpk0gt7v959ptwel",
          "openings": [
            {
              "placement": [
                0,
                -1,
                0,
                0,
                1,
                0,
                0,
                0,
                0,
                0,
                1,
                0,
                8159.99951171875,
                -525,
                3990,
                1,
              ],
              "profile": {
                "extrusionDepth": 1330,
                "extrusionDirection": [
                  0,
                  0,
                  1,
                ],
                "footprint": {
                  "holes": [],
                  "outer": [
                    [
                      8159.9995,
                      -525,
                    ],
                    [
                      8159.9995,
                      -1165,
                    ],
                    [
                      8580,
                      -1165,
                    ],
                    [
                      8580,
                      -525,
                    ],
                  ],
                },
                "localOutline": [
                  [
                    0,
                    0,
                  ],
                  [
                    640,
                    0,
                  ],
                  [
                    640,
                    420,
                  ],
                  [
                    0,
                    420,
                  ],
                ],
                "localToWorld": [
                  0,
                  -1,
                  0,
                  0,
                  1,
                  0,
                  0,
                  0,
                  0,
                  0,
                  1,
                  0,
                  8159.99951171875,
                  -525,
                  3990,
                  1,
                ],
              },
              "type": "void",
            },
            {
              "placement": [
                0,
                -1,
                0,
                0,
                1,
                0,
                0,
                0,
                0,
                0,
                1,
                0,
                8159.99951171875,
                -2115,
                3990,
                1,
              ],
              "profile": {
                "extrusionDepth": 1330,
                "extrusionDirection": [
                  0,
                  0,
                  1,
                ],
                "footprint": {
                  "holes": [],
                  "outer": [
                    [
                      8159.9995,
                      -2115,
                    ],
                    [
                      8159.9995,
                      -3445,
                    ],
                    [
                      8580,
                      -3445,
                    ],
                    [
                      8580,
                      -2115,
                    ],
                  ],
                },
                "localOutline": [
                  [
                    0,
                    0,
                  ],
                  [
                    1330,
                    0,
                  ],
                  [
                    1330,
                    420,
                  ],
                  [
                    0,
                    420,
                  ],
                ],
                "localToWorld": [
                  0,
                  -1,
                  0,
                  0,
                  1,
                  0,
                  0,
                  0,
                  0,
                  0,
                  1,
                  0,
                  8159.99951171875,
                  -2115,
                  3990,
                  1,
                ],
              },
              "type": "void",
            },
            {
              "placement": [
                0,
                -1,
                0,
                0,
                1,
                0,
                0,
                0,
                0,
                0,
                1,
                0,
                8159.99951171875,
                -3505,
                3990,
                1,
              ],
              "profile": {
                "extrusionDepth": 1330,
                "extrusionDirection": [
                  0,
                  0,
                  1,
                ],
                "footprint": {
                  "holes": [],
                  "outer": [
                    [
                      8159.9995,
                      -3505,
                    ],
                    [
                      8159.9995,
                      -4835,
                    ],
                    [
                      8580,
                      -4835,
                    ],
                    [
                      8580,
                      -3505,
                    ],
                  ],
                },
                "localOutline": [
                  [
                    0,
                    0,
                  ],
                  [
                    1330,
                    0,
                  ],
                  [
                    1330,
                    420,
                  ],
                  [
                    0,
                    420,
                  ],
                ],
                "localToWorld": [
                  0,
                  -1,
                  0,
                  0,
                  1,
                  0,
                  0,
                  0,
                  0,
                  0,
                  1,
                  0,
                  8159.99951171875,
                  -3505,
                  3990,
                  1,
                ],
              },
              "type": "void",
            },
          ],
          "placement": [
            0,
            -1,
            0,
            0,
            1,
            0,
            0,
            0,
            0,
            0,
            1,
            0,
            8159.99951171875,
            0,
            3090,
            1,
          ],
          "profile": {
            "extrusionDepth": 2720,
            "extrusionDirection": [
              0,
              0,
              1,
            ],
            "footprint": {
              "holes": [],
              "outer": [
                [
                  8159.9995,
                  0,
                ],
                [
                  8159.9995,
                  -5360,
                ],
                [
                  8580,
                  -5780,
                ],
                [
                  8580,
                  420,
                ],
              ],
            },
            "localOutline": [
              [
                0,
                0,
              ],
              [
                5360,
                0,
              ],
              [
                5780,
                420.0005,
              ],
              [
                -420,
                420.0005,
              ],
            ],
            "localToWorld": [
              0,
              -1,
              0,
              0,
              1,
              0,
              0,
              0,
              0,
              0,
              1,
              0,
              8159.99951171875,
              0,
              3090,
              1,
            ],
          },
          "thickness": 420.0005,
        },
        {
          "height": 2720,
          "name": "outwall_mh9mpk0g6pubjnpywpg",
          "openings": [
            {
              "placement": [
                -1,
                0,
                0,
                0,
                0,
                -1,
                0,
                0,
                0,
                0,
                1,
                0,
                7274.99951171875,
                -5360,
                3990,
                1,
              ],
              "profile": {
                "extrusionDepth": 1330,
                "extrusionDirection": [
                  0,
                  0,
                  1,
                ],
                "footprint": {
                  "holes": [],
                  "outer": [
                    [
                      7274.9995,
                      -5360,
                    ],
                    [
                      6314.9995,
                      -5360,
                    ],
                    [
                      6314.9995,
                      -5780,
                    ],
                    [
                      7274.9995,
                      -5780,
                    ],
                  ],
                },
                "localOutline": [
                  [
                    0,
                    0,
                  ],
                  [
                    960,
                    0,
                  ],
                  [
                    960,
                    420,
                  ],
                  [
                    0,
                    420,
                  ],
                ],
                "localToWorld": [
                  -1,
                  0,
                  0,
                  0,
                  0,
                  -1,
                  0,
                  0,
                  0,
                  0,
                  1,
                  0,
                  7274.99951171875,
                  -5360,
                  3990,
                  1,
                ],
              },
              "type": "void",
            },
            {
              "placement": [
                -1,
                0,
                0,
                0,
                0,
                -1,
                0,
                0,
                0,
                0,
                1,
                0,
                4470.99951171875,
                -5360,
                3990,
                1,
              ],
              "profile": {
                "extrusionDepth": 1330,
                "extrusionDirection": [
                  0,
                  0,
                  1,
                ],
                "footprint": {
                  "holes": [],
                  "outer": [
                    [
                      4470.9995,
                      -5360,
                    ],
                    [
                      3510.9995,
                      -5360,
                    ],
                    [
                      3510.9995,
                      -5780,
                    ],
                    [
                      4470.9995,
                      -5780,
                    ],
                  ],
                },
                "localOutline": [
                  [
                    0,
                    0,
                  ],
                  [
                    960,
                    0,
                  ],
                  [
                    960,
                    420,
                  ],
                  [
                    0,
                    420,
                  ],
                ],
                "localToWorld": [
                  -1,
                  0,
                  0,
                  0,
                  0,
                  -1,
                  0,
                  0,
                  0,
                  0,
                  1,
                  0,
                  4470.99951171875,
                  -5360,
                  3990,
                  1,
                ],
              },
              "type": "void",
            },
            {
              "placement": [
                -1,
                0,
                0,
                0,
                0,
                -1,
                0,
                0,
                0,
                0,
                1,
                0,
                1845,
                -5360,
                3990,
                1,
              ],
              "profile": {
                "extrusionDepth": 1330,
                "extrusionDirection": [
                  0,
                  0,
                  1,
                ],
                "footprint": {
                  "holes": [],
                  "outer": [
                    [
                      1845,
                      -5360,
                    ],
                    [
                      885,
                      -5360,
                    ],
                    [
                      885,
                      -5780,
                    ],
                    [
                      1845,
                      -5780,
                    ],
                  ],
                },
                "localOutline": [
                  [
                    0,
                    0,
                  ],
                  [
                    960,
                    0,
                  ],
                  [
                    960,
                    420,
                  ],
                  [
                    0,
                    420,
                  ],
                ],
                "localToWorld": [
                  -1,
                  0,
                  0,
                  0,
                  0,
                  -1,
                  0,
                  0,
                  0,
                  0,
                  1,
                  0,
                  1845,
                  -5360,
                  3990,
                  1,
                ],
              },
              "type": "void",
            },
          ],
          "placement": [
            -1,
            0,
            0,
            0,
            0,
            -1,
            0,
            0,
            0,
            0,
            1,
            0,
            8159.99951171875,
            -5360,
            3090,
            1,
          ],
          "profile": {
            "extrusionDepth": 2720,
            "extrusionDirection": [
              0,
              0,
              1,
            ],
            "footprint": {
              "holes": [],
              "outer": [
                [
                  8159.9995,
                  -5360,
                ],
                [
                  0,
                  -5360,
                ],
                [
                  -420.0005,
                  -5780,
                ],
                [
                  8580,
                  -5780,
                ],
              ],
            },
            "localOutline": [
              [
                0,
                0,
              ],
              [
                8159.9995,
                -0,
              ],
              [
                8580,
                420,
              ],
              [
                -420.0005,
                420,
              ],
            ],
            "localToWorld": [
              -1,
              0,
              0,
              0,
              0,
              -1,
              0,
              0,
              0,
              0,
              1,
              0,
              8159.99951171875,
              -5360,
              3090,
              1,
            ],
          },
          "thickness": 420,
        },
        {
          "height": 2720,
          "name": "outwall_mh9mpk0gdg6p8lejvs",
          "openings": [
            {
              "placement": [
                0,
                1,
                0,
                0,
                -1,
                0,
                0,
                0,
                0,
                0,
                1,
                0,
                0,
                -4060,
                3090,
                1,
              ],
              "profile": {
                "extrusionDepth": 2230,
                "extrusionDirection": [
                  0,
                  0,
                  1,
                ],
                "footprint": {
                  "holes": [],
                  "outer": [
                    [
                      0,
                      -4060,
                    ],
                    [
                      0,
                      -1140,
                    ],
                    [
                      -420,
                      -1140,
                    ],
                    [
                      -420,
                      -4060,
                    ],
                  ],
                },
                "localOutline": [
                  [
                    0,
                    0,
                  ],
                  [
                    2920,
                    0,
                  ],
                  [
                    2920,
                    420,
                  ],
                  [
                    0,
                    420,
                  ],
                ],
                "localToWorld": [
                  0,
                  1,
                  0,
                  0,
                  -1,
                  0,
                  0,
                  0,
                  0,
                  0,
                  1,
                  0,
                  0,
                  -4060,
                  3090,
                  1,
                ],
              },
              "type": "void",
            },
          ],
          "placement": [
            0,
            1,
            0,
            0,
            -1,
            0,
            0,
            0,
            0,
            0,
            1,
            0,
            0,
            -5360,
            3090,
            1,
          ],
          "profile": {
            "extrusionDepth": 2720,
            "extrusionDirection": [
              0,
              0,
              1,
            ],
            "footprint": {
              "holes": [],
              "outer": [
                [
                  0,
                  -5360,
                ],
                [
                  0,
                  0,
                ],
                [
                  -420,
                  420,
                ],
                [
                  -420.0005,
                  -5780,
                ],
              ],
            },
            "localOutline": [
              [
                0,
                0,
              ],
              [
                5360,
                0,
              ],
              [
                5780,
                420,
              ],
              [
                -420,
                420.0005,
              ],
            ],
            "localToWorld": [
              0,
              1,
              0,
              0,
              -1,
              0,
              0,
              0,
              0,
              0,
              1,
              0,
              0,
              -5360,
              3090,
              1,
            ],
          },
          "thickness": 420.0005,
        },
      ],
    },
    {
      "elevation": 5990,
      "height": null,
      "name": "DG",
      "perimeterCandidates": [
        {
          "boundary": {
            "holes": [
              [
                [
                  3760,
                  -1000,
                ],
                [
                  3760,
                  0,
                ],
                [
                  8160,
                  0,
                ],
                [
                  8160,
                  -1000,
                ],
              ],
            ],
            "outer": [
              [
                0,
                -5360,
              ],
              [
                0,
                0,
              ],
              [
                3615,
                0,
              ],
              [
                8160,
                0,
              ],
              [
                8160,
                -4560,
              ],
              [
                4430,
                -4560,
              ],
              [
                4430,
                -5360,
              ],
            ],
          },
          "source": "walls",
        },
      ],
      "placement": [
        1,
        0,
        0,
        0,
        0,
        1,
        0,
        0,
        0,
        0,
        1,
        0,
        0,
        0,
        5990,
        1,
      ],
      "slabs": [
        {
          "name": "Floor",
          "placement": [
            1,
            0,
            0,
            0,
            0,
            1,
            0,
            0,
            0,
            0,
            1,
            0,
            0,
            0,
            5990,
            1,
          ],
          "profile": {
            "extrusionDepth": 180,
            "extrusionDirection": [
              0,
              0,
              -1,
            ],
            "footprint": {
              "holes": [
                [
                  [
                    3760,
                    -1000,
                  ],
                  [
                    3760,
                    0,
                  ],
                  [
                    8160,
                    0,
                  ],
                  [
                    8160,
                    -1000,
                  ],
                ],
              ],
              "outer": [
                [
                  8580,
                  -4560,
                ],
                [
                  8580,
                  420,
                ],
                [
                  3615,
                  420,
                ],
                [
                  -420,
                  420,
                ],
                [
                  -420,
                  -5780,
                ],
                [
                  4850,
                  -5780,
                ],
                [
                  8580,
                  -5780,
                ],
              ],
            },
            "localOutline": [
              [
                8580,
                -4560,
              ],
              [
                8580,
                420,
              ],
              [
                3615,
                420,
              ],
              [
                -420,
                420,
              ],
              [
                -420,
                -5780,
              ],
              [
                4850,
                -5780,
              ],
              [
                8580,
                -5780,
              ],
            ],
            "localToWorld": [
              1,
              0,
              0,
              0,
              0,
              1,
              0,
              0,
              0,
              0,
              1,
              0,
              0,
              0,
              5990,
              1,
            ],
          },
          "thickness": 180,
        },
      ],
      "walls": [
        {
          "height": 2460,
          "name": "outwall_mh9mpkut1a2qowe050d",
          "openings": [
            {
              "placement": [
                -1,
                0,
                0,
                0,
                0,
                -1,
                0,
                0,
                0,
                0,
                1,
                0,
                7520.00048828125,
                -4560,
                6890,
                1,
              ],
              "profile": {
                "extrusionDepth": 1330,
                "extrusionDirection": [
                  0,
                  0,
                  1,
                ],
                "footprint": {
                  "holes": [],
                  "outer": [
                    [
                      7520.0005,
                      -4560,
                    ],
                    [
                      5550.0005,
                      -4560,
                    ],
                    [
                      5550.0005,
                      -4980,
                    ],
                    [
                      7520.0005,
                      -4980,
                    ],
                  ],
                },
                "localOutline": [
                  [
                    0,
                    0,
                  ],
                  [
                    1970,
                    0,
                  ],
                  [
                    1970,
                    420,
                  ],
                  [
                    0,
                    420,
                  ],
                ],
                "localToWorld": [
                  -1,
                  0,
                  0,
                  0,
                  0,
                  -1,
                  0,
                  0,
                  0,
                  0,
                  1,
                  0,
                  7520.00048828125,
                  -4560,
                  6890,
                  1,
                ],
              },
              "type": "void",
            },
          ],
          "placement": [
            -1,
            0,
            0,
            0,
            0,
            -1,
            0,
            0,
            0,
            0,
            1,
            0,
            8160,
            -4560,
            5990,
            1,
          ],
          "profile": {
            "extrusionDepth": 2460,
            "extrusionDirection": [
              0,
              0,
              1,
            ],
            "footprint": {
              "holes": [],
              "outer": [
                [
                  8160,
                  -4560,
                ],
                [
                  4430.0005,
                  -4560,
                ],
                [
                  4850.0005,
                  -4980,
                ],
                [
                  8580,
                  -4980,
                ],
              ],
            },
            "localOutline": [
              [
                0,
                0,
              ],
              [
                3729.9995,
                -0,
              ],
              [
                3309.9995,
                420,
              ],
              [
                -420,
                420,
              ],
            ],
            "localToWorld": [
              -1,
              0,
              0,
              0,
              0,
              -1,
              0,
              0,
              0,
              0,
              1,
              0,
              8160,
              -4560,
              5990,
              1,
            ],
          },
          "thickness": 420,
        },
        {
          "height": 2460,
          "name": "outwall_mh9mpkutqqqgu1vaio",
          "openings": [],
          "placement": [
            0,
            -1,
            0,
            0,
            1,
            0,
            0,
            0,
            0,
            0,
            1,
            0,
            4430.00048828125,
            -4560,
            5990,
            1,
          ],
          "profile": {
            "extrusionDepth": 2460,
            "extrusionDirection": [
              0,
              0,
              1,
            ],
            "footprint": {
              "holes": [],
              "outer": [
                [
                  4430.0005,
                  -4560,
                ],
                [
                  4430.0005,
                  -5360,
                ],
                [
                  4850.0005,
                  -5780,
                ],
                [
                  4850.0005,
                  -4980,
                ],
              ],
            },
            "localOutline": [
              [
                0,
                0,
              ],
              [
                800,
                0,
              ],
              [
                1220,
                420,
              ],
              [
                420,
                420,
              ],
            ],
            "localToWorld": [
              0,
              -1,
              0,
              0,
              1,
              0,
              0,
              0,
              0,
              0,
              1,
              0,
              4430.00048828125,
              -4560,
              5990,
              1,
            ],
          },
          "thickness": 420,
        },
        {
          "height": 2460,
          "name": "outwall_mh9mpkutim1kau8hfa",
          "openings": [
            {
              "placement": [
                -1,
                0,
                0,
                0,
                0,
                -1,
                0,
                0,
                0,
                0,
                1,
                0,
                2850.00048828125,
                -5360,
                6890,
                1,
              ],
              "profile": {
                "extrusionDepth": 1330,
                "extrusionDirection": [
                  0,
                  0,
                  1,
                ],
                "footprint": {
                  "holes": [],
                  "outer": [
                    [
                      2850.0005,
                      -5360,
                    ],
                    [
                      870.0005,
                      -5360,
                    ],
                    [
                      870.0005,
                      -5780,
                    ],
                    [
                      2850.0005,
                      -5780,
                    ],
                  ],
                },
                "localOutline": [
                  [
                    0,
                    0,
                  ],
                  [
                    1980,
                    0,
                  ],
                  [
                    1980,
                    420,
                  ],
                  [
                    0,
                    420,
                  ],
                ],
                "localToWorld": [
                  -1,
                  0,
                  0,
                  0,
                  0,
                  -1,
                  0,
                  0,
                  0,
                  0,
                  1,
                  0,
                  2850.00048828125,
                  -5360,
                  6890,
                  1,
                ],
              },
              "type": "void",
            },
          ],
          "placement": [
            -1,
            0,
            0,
            0,
            0,
            -1,
            0,
            0,
            0,
            0,
            1,
            0,
            4430.00048828125,
            -5360,
            5990,
            1,
          ],
          "profile": {
            "extrusionDepth": 2460,
            "extrusionDirection": [
              0,
              0,
              1,
            ],
            "footprint": {
              "holes": [],
              "outer": [
                [
                  4430.0005,
                  -5360,
                ],
                [
                  0.0005,
                  -5360,
                ],
                [
                  -419.9995,
                  -5780,
                ],
                [
                  4850.0005,
                  -5780,
                ],
              ],
            },
            "localOutline": [
              [
                0,
                0,
              ],
              [
                4430,
                -0,
              ],
              [
                4850,
                420,
              ],
              [
                -420,
                420,
              ],
            ],
            "localToWorld": [
              -1,
              0,
              0,
              0,
              0,
              -1,
              0,
              0,
              0,
              0,
              1,
              0,
              4430.00048828125,
              -5360,
              5990,
              1,
            ],
          },
          "thickness": 420,
        },
        {
          "height": 2460,
          "name": "outwall_mh9mpkutwg1ncy4nmdl",
          "openings": [
            {
              "placement": [
                0,
                1,
                0,
                0,
                -1,
                0,
                0,
                0,
                0,
                0,
                1,
                0,
                0.00042724609375,
                -3805,
                5990,
                1,
              ],
              "profile": {
                "extrusionDepth": 2000,
                "extrusionDirection": [
                  0,
                  0,
                  1,
                ],
                "footprint": {
                  "holes": [],
                  "outer": [
                    [
                      0.0004,
                      -3805,
                    ],
                    [
                      0.0004,
                      -885,
                    ],
                    [
                      -419.9996,
                      -885,
                    ],
                    [
                      -419.9996,
                      -3805,
                    ],
                  ],
                },
                "localOutline": [
                  [
                    0,
                    0,
                  ],
                  [
                    2920,
                    0,
                  ],
                  [
                    2920,
                    420,
                  ],
                  [
                    0,
                    420,
                  ],
                ],
                "localToWorld": [
                  0,
                  1,
                  0,
                  0,
                  -1,
                  0,
                  0,
                  0,
                  0,
                  0,
                  1,
                  0,
                  0.00042724609375,
                  -3805,
                  5990,
                  1,
                ],
              },
              "type": "void",
            },
          ],
          "placement": [
            0,
            1,
            0,
            0,
            -1,
            0,
            0,
            0,
            0,
            0,
            1,
            0,
            0.00042724609375,
            -5360,
            5990,
            1,
          ],
          "profile": {
            "extrusionDepth": 2460,
            "extrusionDirection": [
              0,
              0,
              1,
            ],
            "footprint": {
              "holes": [],
              "outer": [
                [
                  0.0004,
                  -5360,
                ],
                [
                  0.0004,
                  0,
                ],
                [
                  -419.9996,
                  420,
                ],
                [
                  -419.9995,
                  -5780,
                ],
              ],
            },
            "localOutline": [
              [
                0,
                0,
              ],
              [
                5360,
                0,
              ],
              [
                5780,
                420,
              ],
              [
                -420,
                419.9999,
              ],
            ],
            "localToWorld": [
              0,
              1,
              0,
              0,
              -1,
              0,
              0,
              0,
              0,
              0,
              1,
              0,
              0.00042724609375,
              -5360,
              5990,
              1,
            ],
          },
          "thickness": 420,
        },
        {
          "height": 2460,
          "name": "outwall_mh9mpkut9hdsvsofrm",
          "openings": [
            {
              "placement": [
                1,
                0,
                0,
                0,
                0,
                1,
                0,
                0,
                0,
                0,
                1,
                0,
                525.0004272460938,
                0,
                5990,
                1,
              ],
              "profile": {
                "extrusionDepth": 2000,
                "extrusionDirection": [
                  0,
                  0,
                  1,
                ],
                "footprint": {
                  "holes": [],
                  "outer": [
                    [
                      525.0004,
                      0,
                    ],
                    [
                      2680.0005,
                      0,
                    ],
                    [
                      2680.0005,
                      420,
                    ],
                    [
                      525.0004,
                      420,
                    ],
                  ],
                },
                "localOutline": [
                  [
                    0,
                    0,
                  ],
                  [
                    2155,
                    0,
                  ],
                  [
                    2155,
                    420,
                  ],
                  [
                    0,
                    420,
                  ],
                ],
                "localToWorld": [
                  1,
                  0,
                  0,
                  0,
                  0,
                  1,
                  0,
                  0,
                  0,
                  0,
                  1,
                  0,
                  525.0004272460938,
                  0,
                  5990,
                  1,
                ],
              },
              "type": "void",
            },
          ],
          "placement": [
            1,
            0,
            0,
            0,
            0,
            1,
            0,
            0,
            0,
            0,
            1,
            0,
            0.00042724609375,
            0,
            5990,
            1,
          ],
          "profile": {
            "extrusionDepth": 2460,
            "extrusionDirection": [
              0,
              0,
              1,
            ],
            "footprint": {
              "holes": [],
              "outer": [
                [
                  0.0004,
                  0,
                ],
                [
                  3615,
                  0,
                ],
                [
                  3615,
                  420,
                ],
                [
                  -419.9996,
                  420,
                ],
              ],
            },
            "localOutline": [
              [
                0,
                0,
              ],
              [
                3614.9995,
                0,
              ],
              [
                3614.9995,
                420,
              ],
              [
                -420,
                420,
              ],
            ],
            "localToWorld": [
              1,
              0,
              0,
              0,
              0,
              1,
              0,
              0,
              0,
              0,
              1,
              0,
              0.00042724609375,
              0,
              5990,
              1,
            ],
          },
          "thickness": 420,
        },
        {
          "height": 2460,
          "name": "outwall_mh9mpkutccuhpqte55q",
          "openings": [],
          "placement": [
            1,
            0,
            0,
            0,
            0,
            1,
            0,
            0,
            0,
            0,
            1,
            0,
            3615,
            0,
            5990,
            1,
          ],
          "profile": {
            "extrusionDepth": 2460,
            "extrusionDirection": [
              0,
              0,
              1,
            ],
            "footprint": {
              "holes": [],
              "outer": [
                [
                  3615,
                  0,
                ],
                [
                  8160,
                  0,
                ],
                [
                  8580,
                  420,
                ],
                [
                  3615,
                  420,
                ],
              ],
            },
            "localOutline": [
              [
                0,
                0,
              ],
              [
                4545,
                0,
              ],
              [
                4965,
                420,
              ],
              [
                0,
                420,
              ],
            ],
            "localToWorld": [
              1,
              0,
              0,
              0,
              0,
              1,
              0,
              0,
              0,
              0,
              1,
              0,
              3615,
              0,
              5990,
              1,
            ],
          },
          "thickness": 420,
        },
        {
          "height": 2460,
          "name": "outwall_mh9mpkutgt8wkkonxhd",
          "openings": [
            {
              "placement": [
                0,
                -1,
                0,
                0,
                1,
                0,
                0,
                0,
                0,
                0,
                1,
                0,
                8160,
                -1440,
                6890,
                1,
              ],
              "profile": {
                "extrusionDepth": 1330,
                "extrusionDirection": [
                  0,
                  0,
                  1,
                ],
                "footprint": {
                  "holes": [],
                  "outer": [
                    [
                      8160,
                      -1440,
                    ],
                    [
                      8160,
                      -2770,
                    ],
                    [
                      8580,
                      -2770,
                    ],
                    [
                      8580,
                      -1440,
                    ],
                  ],
                },
                "localOutline": [
                  [
                    0,
                    0,
                  ],
                  [
                    1330,
                    0,
                  ],
                  [
                    1330,
                    420,
                  ],
                  [
                    0,
                    420,
                  ],
                ],
                "localToWorld": [
                  0,
                  -1,
                  0,
                  0,
                  1,
                  0,
                  0,
                  0,
                  0,
                  0,
                  1,
                  0,
                  8160,
                  -1440,
                  6890,
                  1,
                ],
              },
              "type": "void",
            },
            {
              "placement": [
                0,
                -1,
                0,
                0,
                1,
                0,
                0,
                0,
                0,
                0,
                1,
                0,
                8160,
                -2830,
                6890,
                1,
              ],
              "profile": {
                "extrusionDepth": 1330,
                "extrusionDirection": [
                  0,
                  0,
                  1,
                ],
                "footprint": {
                  "holes": [],
                  "outer": [
                    [
                      8160,
                      -2830,
                    ],
                    [
                      8160,
                      -4160,
                    ],
                    [
                      8580,
                      -4160,
                    ],
                    [
                      8580,
                      -2830,
                    ],
                  ],
                },
                "localOutline": [
                  [
                    0,
                    0,
                  ],
                  [
                    1330,
                    0,
                  ],
                  [
                    1330,
                    420,
                  ],
                  [
                    0,
                    420,
                  ],
                ],
                "localToWorld": [
                  0,
                  -1,
                  0,
                  0,
                  1,
                  0,
                  0,
                  0,
                  0,
                  0,
                  1,
                  0,
                  8160,
                  -2830,
                  6890,
                  1,
                ],
              },
              "type": "void",
            },
          ],
          "placement": [
            0,
            -1,
            0,
            0,
            1,
            0,
            0,
            0,
            0,
            0,
            1,
            0,
            8160,
            0,
            5990,
            1,
          ],
          "profile": {
            "extrusionDepth": 2460,
            "extrusionDirection": [
              0,
              0,
              1,
            ],
            "footprint": {
              "holes": [],
              "outer": [
                [
                  8160,
                  0,
                ],
                [
                  8160,
                  -4560,
                ],
                [
                  8580,
                  -4980,
                ],
                [
                  8580,
                  420,
                ],
              ],
            },
            "localOutline": [
              [
                0,
                0,
              ],
              [
                4560,
                0,
              ],
              [
                4980,
                420,
              ],
              [
                -420,
                420,
              ],
            ],
            "localToWorld": [
              0,
              -1,
              0,
              0,
              1,
              0,
              0,
              0,
              0,
              0,
              1,
              0,
              8160,
              0,
              5990,
              1,
            ],
          },
          "thickness": 420,
        },
      ],
    },
  ],
  "unitScale": 1,
}
`;
